[16:06:16] [n4] bắt đầu 23 case: shanghai_hongqiao zurich madrid_barajas king_salman durban bengaluru clark haneda_innovation_city memphis belo_horizonte budapest domodedovo dubai_aviation_district cochin gia_binh chicago_o_hare huntsville jfk_redevelopment lax_area milwaukee_mitchell philadelphia pittsburgh_innovation_campus vancouver_yvr
[16:06:16] [n4] === shanghai_hongqiao
[16:06:16] [n4]   discover…

=== shanghai_hongqiao · đã có 0 nguồn · xin thêm 16
  model trả 16 nguồn (350s)
    [ok ] 200                        https://en.shhqcbd.gov.cn/overview.html
    [ok ] 200                        http://en.shhqcbd.gov.cn/2024-05/24/c_990100.htm
    [ok ] 200                        http://en.shhqcbd.gov.cn/2025-09/12/c_1125212.htm
    [ok ] 200                        https://en.shhqcbd.gov.cn/2026-03/19/c_1170683.htm
    [ok ] 200                        http://en.shhqcbd.gov.cn/2026-02/09/c_1160377.htm
    [ok ] 200                        http://en.shhqcbd.gov.cn/2024-11/04/c_1043634.htm
    [ok ] 200                        https://www.shanghaiairport.com/ensh/xwg/info_itemid_43826.html
    [ok ] 200                        https://english.shanghai.gov.cn/en-NationalDevelopmentZone/20231211/ecf9d8dc8b544a29af71
    [ok ] 200                        https://www.investsh.org.cn/invest/policy/en/view/D3EFFB73-594E-4D3C-B4F2-FFD553A4365E
    [ok ] 200                        https://english.shanghai.gov.cn/en-ForumHighlights/20250529/4c7a3882ef034784ba78bc797b21
    [ok ] 200                        https://regional.chinadaily.com.cn/hongqiaocbd/2016-03/31/c_50614.htm
    [ok ] 200                        https://www.ciie.org/zbh/en/AboutUs/Venueen/
    [ok ] 200                        https://en.wikipedia.org/wiki/Shanghai_Hongqiao_International_Airport
    [ok ] 200                        https://en.wikipedia.org/wiki/Hongqiao_transportation_hub
    [ok ] 200                        https://en.wikipedia.org/wiki/Shanghai_Hongqiao_railway_station
    [ok ] 200                        https://www.airport-technology.com/projects/shanghai-hongiao/
  -> giữ 16/16 nguồn mới
[ok] refer_file/_discovered/shanghai_hongqiao.csv  (16 dòng)

[done] thêm 16 nguồn mới cho 1 case.
       chạy tiếp: python scripts/run_ws.py ws1_airport --steps crawl,extract,validate,web
[16:12:11] [n4]   crawl…
[16:20:26] [n4] bắt đầu 23 case: shanghai_hongqiao zurich madrid_barajas king_salman durban bengaluru clark haneda_innovation_city memphis belo_horizonte budapest domodedovo dubai_aviation_district cochin gia_binh chicago_o_hare huntsville jfk_redevelopment lax_area milwaukee_mitchell philadelphia pittsburgh_innovation_campus vancouver_yvr
[16:20:26] [n4] === shanghai_hongqiao
[16:20:26] [n4]   discover: đã có nguồn, bỏ qua
[16:20:26] [n4]   crawl…
[input] 16 nguồn | đã có 0 | bỏ trùng 0 | crawl mới 16
[1/16] (#1) Overview – Shanghai Hongqiao Intl CBD (official) <- https://en.shhqcbd.gov.cn/overview.html
  ✓ 200 · 3,678 ký tự -> 01_overview_shanghai_hongqiao_intl_cbd_official
[2/16] (#2) Overview of Shanghai Hongqiao International CBD <- http://en.shhqcbd.gov.cn/2024-05/24/c_990100.htm
  ✓ 200 · 3,659 ký tự -> 02_overview_of_shanghai_hongqiao_international_cbd
[3/16] (#3) Development plan for Hongqiao Intl CBD and surro <- http://en.shhqcbd.gov.cn/2025-09/12/c_1125212.htm
  ✓ 200 · 5,899 ký tự -> 03_development_plan_for_hongqiao_intl_cbd_and_surroun
[4/16] (#4) Hongqiao transportation hub becomes the world's  <- https://en.shhqcbd.gov.cn/2026-03/19/c_1170683.htm
  ✓ 200 · 3,266 ký tự -> 04_hongqiao_transportation_hub_becomes_the_world_s_bu
[5/16] (#5) Hongqiao Intl CBD economic performance 2025 <- http://en.shhqcbd.gov.cn/2026-02/09/c_1160377.htm
  ✓ 200 · 4,051 ký tự -> 05_hongqiao_intl_cbd_economic_performance_2025
[6/16] (#6) New Hongqiao Pinhui building set for operation <- http://en.shhqcbd.gov.cn/2024-11/04/c_1043634.htm
  ✓ 200 · 3,584 ký tự -> 06_new_hongqiao_pinhui_building_set_for_operation
[7/16] (#7) Shanghai Airport Authority – record passenger &  <- https://www.shanghaiairport.com/ensh/xwg/info_itemid_43826.html
  ✓ 200 · 5,421 ký tự -> 07_shanghai_airport_authority_record_passenger_cargo_
[8/16] (#8) Shanghai Government – Hongqiao International CBD <- https://english.shanghai.gov.cn/en-NationalDevelopmentZone/20231211/ecf9d8dc8b544a29af71c9c5bb858676.html
  ✓ 200 · 7,112 ký tự -> 08_shanghai_government_hongqiao_international_cbd_nat
[9/16] (#9) Invest Shanghai – Hongqiao Central Business Dist <- https://www.investsh.org.cn/invest/policy/en/view/D3EFFB73-594E-4D3C-B4F2-FFD553A4365E
  ✓ 200 · 9,226 ký tự -> 09_invest_shanghai_hongqiao_central_business_district
[10/16] (#10) Urban planning in Hongqiao CBD puts sustainabili <- https://english.shanghai.gov.cn/en-ForumHighlights/20250529/4c7a3882ef034784ba78bc797b216059.html
  ✓ 200 · 11,422 ký tự -> 10_urban_planning_in_hongqiao_cbd_puts_sustainability
[11/16] (#11) Why Hongqiao CBD – China Daily chuyên trang Hong <- https://regional.chinadaily.com.cn/hongqiaocbd/2016-03/31/c_50614.htm
  ✓ 200 · 2,890 ký tự -> 11_why_hongqiao_cbd_china_daily_chuy_n_trang_hongqiao
[12/16] (#12) CIIE – National Exhibition and Convention Center <- https://www.ciie.org/zbh/en/AboutUs/Venueen/
  ✓ 200 · 4,682 ký tự -> 12_ciie_national_exhibition_and_convention_center_sha
[13/16] (#13) Wikipedia – Shanghai Hongqiao International Airp <- https://en.wikipedia.org/wiki/Shanghai_Hongqiao_International_Airport
  ✓ 200 · 42,656 ký tự -> 13_wikipedia_shanghai_hongqiao_international_airport
[14/16] (#14) Wikipedia – Hongqiao transportation hub <- https://en.wikipedia.org/wiki/Hongqiao_transportation_hub
  ✓ 200 · 8,564 ký tự -> 14_wikipedia_hongqiao_transportation_hub
[15/16] (#15) Wikipedia – Shanghai Hongqiao railway station <- https://en.wikipedia.org/wiki/Shanghai_Hongqiao_railway_station
  ✓ 200 · 24,935 ký tự -> 15_wikipedia_shanghai_hongqiao_railway_station
[16/16] (#16) Airport Technology – Shanghai Hongqiao airport p <- https://www.airport-technology.com/projects/shanghai-hongiao/
  ✓ 200 · 18,861 ký tự -> 16_airport_technology_shanghai_hongqiao_airport_proje

[done] shanghai_hongqiao: tổng 16 nguồn, ok=16 (mới crawl 16)
       -> /Users/congvt3/Desktop/AI/mag-data-crawler/raw_data/output/ws1_airport/raw/shanghai_hongqiao
